
[TestNoAnonymousFunctions/invalid-0 - 1]
Diagnostic 1: anonymousIife (1:2 - 1:8)
Message: Anonymous immediately-invoked functions are banned.
Help: Extract to a named function or class method.
   1 | (() => 1)();
     |  ~~~~~~~
---

[TestNoAnonymousFunctions/invalid-1 - 1]
Diagnostic 1: anonymousIife (1:2 - 1:26)
Message: Anonymous immediately-invoked functions are banned.
Help: Extract to a named function or class method.
   1 | (function () { return 1; })();
     |  ~~~~~~~~~~~~~~~~~~~~~~~~~
---
