
[TestRequireAccessModifiers/invalid-0 - 1]
Diagnostic 1: missingAccessModifier (1:11 - 1:20)
Message: Class members must declare an explicit `public` access modifier.
Help: Add `public`, or use a `#` prefix for a private member.
   1 | class A { value = 1; }
     |           ~~~~~~~~~~
---

[TestRequireAccessModifiers/invalid-1 - 1]
Diagnostic 1: missingAccessModifier (1:11 - 1:25)
Message: Class members must declare an explicit `public` access modifier.
Help: Add `public`, or use a `#` prefix for a private member.
   1 | class A { read(): void {} }
     |           ~~~~~~~~~~~~~~~
---

[TestRequireAccessModifiers/invalid-2 - 1]
Diagnostic 1: missingAccessModifier (1:11 - 1:32)
Message: Class members must declare an explicit `public` access modifier.
Help: Add `public`, or use a `#` prefix for a private member.
   1 | class A { static read(): void {} }
     |           ~~~~~~~~~~~~~~~~~~~~~~
---
